<html>
<body>
<pre>
<h1>µVision Build Log</h1>
<h2>Tool Versions:</h2>
IDE-Version: µVision V5.24.2.0
Copyright (C) 2017 ARM Ltd and ARM Germany GmbH. All rights reserved.
License Information: Tan Khoi Nguyen, 1, LIC=FTTBS-L316P-SPDZ4-FF96D-00QQT-LDN3A
 
Tool Versions:
Toolchain:       MDK-ARM Basic (256K)  Version: 5.24.1
Toolchain Path:  C:\Keil_v5\ARM\ARMCC\Bin
C Compiler:      Armcc.exe V5.06 update 5 (build 528)
Assembler:       Armasm.exe V5.06 update 5 (build 528)
Linker/Locator:  ArmLink.exe V5.06 update 5 (build 528)
Library Manager: ArmAr.exe V5.06 update 5 (build 528)
Hex Converter:   FromElf.exe V5.06 update 5 (build 528)
CPU DLL:         SARMCM3.DLL V5.24.1
Dialog DLL:      DCM.DLL V1.16.0.0
Target DLL:      STLink\ST-LINKIII-KEIL_SWO.dll V3.0.1.0
Dialog DLL:      TCM.DLL V1.32.0.0
 
<h2>Project:</h2>
E:\BO\study\LuanVan\Thesisgit\MDK-ARM\testservo2.uvprojx
Project File Date:  03/17/2021

<h2>Output:</h2>
*** Using Compiler 'V5.06 update 5 (build 528)', folder: 'C:\Keil_v5\ARM\ARMCC\Bin'
Build target 'testservo2'
compiling main.c...
../Src/main.c(293): warning:  #1035-D: single-precision operand implicitly converted to double-precision
  				pidfl.output += 0.9*(vvl-0.08)+0.01;
../Src/main.c(295): warning:  #1035-D: single-precision operand implicitly converted to double-precision
  				pidfl.output += 0.9*(vvl+0.08)-0.01;
../Src/main.c(304): warning:  #1035-D: single-precision operand implicitly converted to double-precision
  				pidfr.output += 0.9*(vvr-0.08)+0.01;
../Src/main.c(306): warning:  #1035-D: single-precision operand implicitly converted to double-precision
  				pidfr.output += 0.9*(vvr+0.08)-0.01;
../Src/main.c(315): warning:  #1035-D: single-precision operand implicitly converted to double-precision
  				pidbr.output += 0.85*(vvr-0.08)+0.01;
../Src/main.c(317): warning:  #1035-D: single-precision operand implicitly converted to double-precision
  				pidbr.output += 0.85*(vvr+0.08)-0.01;
../Src/main.c(327): warning:  #1035-D: single-precision operand implicitly converted to double-precision
  				pidbl.output += 0.85*(vvl-0.08)+0.01;
../Src/main.c(329): warning:  #1035-D: single-precision operand implicitly converted to double-precision
  				pidbl.output += 0.85*(vvl+0.08)-0.01;
../Src/main.c(233): warning:  #177-D: variable "temp1"  was declared but never referenced
  	static float temp1;
../Src/main.c(871): warning:  #1035-D: single-precision operand implicitly converted to double-precision
  	float vc_set = (float)bset[0]/100000.00000;
../Src/main.c(872): warning:  #1035-D: single-precision operand implicitly converted to double-precision
  	float omegac_set = (float)bset[1]/100.00;
../Src/main.c(873): warning:  #1035-D: single-precision operand implicitly converted to double-precision
  	vvl = (2*vc_set-omegac_set*
en)/2;
../Src/main.c(874): warning:  #1035-D: single-precision operand implicitly converted to double-precision
  	vvr = (2*vc_set+omegac_set*
en)/2;
../Src/main.c(875): warning:  #1035-D: single-precision operand implicitly converted to double-precision
  	if(vvl>1.23){
../Src/main.c(878): warning:  #1035-D: single-precision operand implicitly converted to double-precision
  	if(vvr>1.23){
../Src/main.c: 15 warnings, 0 errors
linking...
Program Size: Code=18380 RO-data=520 RW-data=228 ZI-data=1988  
FromELF: creating hex file...
"testservo2\testservo2.axf" - 0 Error(s), 15 Warning(s).

<h2>Software Packages used:</h2>

Package Vendor: ARM
                http://www.keil.com/pack/ARM.CMSIS.5.0.1.pack
                ARM.CMSIS.5.0.1
                CMSIS (Cortex Microcontroller Software Interface Standard)
   * Component: CORE Version: 5.0.1

Package Vendor: Keil
                http://www.keil.com/pack/Keil.STM32F4xx_DFP.2.13.0.pack
                Keil.STM32F4xx_DFP.2.13.0
                STMicroelectronics STM32F4 Series Device Support, Drivers and Examples

<h2>Collection of Component include folders:</h2>
  .\RTE\_testservo2
  F:\Keil_v5\ARM\CMSIS\5.0.1\CMSIS\Include
  F:\Keil_v5\Keil\STM32F4xx_DFP\2.13.0\Drivers\CMSIS\Device\ST\STM32F4xx\Include

<h2>Collection of Component Files used:</h2>

   * Component: ARM::CMSIS:CORE:5.0.1
Build Time Elapsed:  00:00:02
</pre>
</body>
</html>
